
> agromonitoring@0.0.0 build
> vite build

[36mvite v5.4.21 [32mbuilding for production...[36m[39m
transforming...
[32mтЬУ[39m 518 modules transformed.
node.exe : [31mx[39m
 Build failed in 1.13s
строка:1 знак:1
+ & "C:\Program Files\
nodejs/node.exe" "C:\P
rogram Files\nodejs/no
de_mo ...
+ ~~~~~~~~~~~~~~~~~~~~
~~~~~~~~~~~~~~~~~~~~~~
~~~~~~~~~~~~~~~~~~~~~~
~~~~~
    + CategoryInfo    
          : NotSpecifi
    ed: ([31mx[39m B
    uild failed in 1.1
    3s:String) [], Rem
    oteException
    + FullyQualifiedEr
    rorId : NativeComm
    andError
 
[31merror during buil
d:
[31m[vite]: Rollup fa
iled to resolve import
 "file-saver" from "C:
/Users/hohik/Desktop/a
groproject/src/pages/R
eports.jsx".
This is most likely un
intended because it ca
n break your applicati
on at runtime.
If you do want to exte
rnalize this module ex
plicitly add it to
`build.rollupOptions.e
xternal`[31m
    at viteWarn (file:
///C:/Users/hohik/Desk
top/agroproject/node_m
odules/vite/dist/node/
chunks/dep-BK3b2jBa.js
:65855:17)
    at onwarn (file://
/C:/Users/hohik/Deskto
p/agroproject/node_mod
ules/@vitejs/plugin-re
act/dist/index.js:90:7
)
    at onRollupWarning
 (file:///C:/Users/hoh
ik/Desktop/agroproject
/node_modules/vite/dis
t/node/chunks/dep-BK3b
2jBa.js:65885:5)
    at onwarn (file://
/C:/Users/hohik/Deskto
p/agroproject/node_mod
ules/vite/dist/node/ch
unks/dep-BK3b2jBa.js:6
5550:7)
    at file:///C:/User
s/hohik/Desktop/agropr
oject/node_modules/rol
lup/dist/es/shared/nod
e-entry.js:20995:13
    at Object.logger [
as onLog] (file:///C:/
Users/hohik/Desktop/ag
roproject/node_modules
/rollup/dist/es/shared
/node-entry.js:22968:9
)
    at ModuleLoader.ha
ndleInvalidResolvedId 
(file:///C:/Users/hohi
k/Desktop/agroproject/
node_modules/rollup/di
st/es/shared/node-entr
y.js:21712:26)
    at file:///C:/User
s/hohik/Desktop/agropr
oject/node_modules/rol
lup/dist/es/shared/nod
e-entry.js:21670:26[3
9m
